---
source: src/tui_main/render_impl.rs
assertion_line: 4370
expression: "lines.join(\"\\n\")"
---
 󰍜  1: [No Name] ×                     ⋯  1: [No Name] ×               󰤲   ⋯
                                        │
   left pane content                   ││left pane content
                                       ││
                                       ││
                                       ││
                                       ││
                                        ││
                                        ││
                                        ││
                                        ││
                                        ││
                                        ││
                                        ││
    [No Name]                Ln 1, Col 1││NORMAL  [No Name]        Ln 1, Col 1
  Editor split
